
> indii-os@0.0.0 build:studio
> vite build

vite v6.4.1 building for production...
transforming...

/grid.svg referenced in /grid.svg didn't resolve at build time, it will remain unchanged to be resolved at runtime
✓ 39 modules transformed.
✗ Build failed in 403ms
error during build:
[vite-plugin-pwa:build] [plugin vite-plugin-pwa:build] src/modules/showroom/BananaStudio.tsx (140:14): There was an error during the build:
  Transform failed with 1 error:
/Volumes/X SSD 2025/Users/narrowchannel/Desktop/indiiOS-Alpha-Electron/src/modules/showroom/BananaStudio.tsx:140:14: ERROR: Unexpected closing "AnimatePresence" tag does not match opening "div" tag
Additionally, handling the error in the 'buildEnd' hook caused the following error:
  Transform failed with 1 error:
/Volumes/X SSD 2025/Users/narrowchannel/Desktop/indiiOS-Alpha-Electron/src/modules/showroom/BananaStudio.tsx:140:14: ERROR: Unexpected closing "AnimatePresence" tag does not match opening "div" tag
file: /Volumes/X SSD 2025/Users/narrowchannel/Desktop/indiiOS-Alpha-Electron/src/modules/showroom/BananaStudio.tsx:140:14

Unexpected closing "AnimatePresence" tag does not match opening "div" tag
138|                      ) : null)}
139|                  </AnimatePresence>
140|              </AnimatePresence>
   |                ^
141|          </div>
142|      );

    at getRollupError (file:///Volumes/X%20SSD%202025/Users/narrowchannel/Desktop/indiiOS-Alpha-Electron/node_modules/rollup/dist/es/shared/parseAst.js:401:41)
    at file:///Volumes/X%20SSD%202025/Users/narrowchannel/Desktop/indiiOS-Alpha-Electron/node_modules/rollup/dist/es/shared/node-entry.js:23418:39
    at process.processTicksAndRejections (node:internal/process/task_queues:105:5)
    at async catchUnfinishedHookActions (file:///Volumes/X%20SSD%202025/Users/narrowchannel/Desktop/indiiOS-Alpha-Electron/node_modules/rollup/dist/es/shared/node-entry.js:22876:16)
    at async rollupInternal (file:///Volumes/X%20SSD%202025/Users/narrowchannel/Desktop/indiiOS-Alpha-Electron/node_modules/rollup/dist/es/shared/node-entry.js:23401:5)
    at async buildEnvironment (file:///Volumes/X%20SSD%202025/Users/narrowchannel/Desktop/indiiOS-Alpha-Electron/node_modules/vite/dist/node/chunks/dep-D4NMHUTW.js:46235:14)
    at async Object.defaultBuildApp [as buildApp] (file:///Volumes/X%20SSD%202025/Users/narrowchannel/Desktop/indiiOS-Alpha-Electron/node_modules/vite/dist/node/chunks/dep-D4NMHUTW.js:46713:5)
    at async CAC.<anonymous> (file:///Volumes/X%20SSD%202025/Users/narrowchannel/Desktop/indiiOS-Alpha-Electron/node_modules/vite/dist/node/cli.js:863:7)
